{"level":"info","message":"Server running on port 8000 in development mode","service":"photography-backend","timestamp":"2026-06-13 01:34:08"}
{"level":"info","message":"Server running on port 8000 in development mode","service":"photography-backend","timestamp":"2026-06-13 01:34:08"}
{"level":"info","message":"Server running on port 8000 in development mode","service":"photography-backend","timestamp":"2026-06-13 01:34:26"}
{"level":"info","message":"Server running on port 8000 in development mode","service":"photography-backend","timestamp":"2026-06-13 01:34:26"}
{"level":"info","message":"Server running on port 8000 in development mode","service":"photography-backend","timestamp":"2026-06-13 01:35:49"}
{"error":{"status":"error","statusCode":500},"level":"error","message":"[CRIT ERROR] 💥 OPTIONS /api/dashboard/stats","service":"photography-backend","timestamp":"2026-06-13 01:36:02"}
{"error":{"status":"error","statusCode":500},"level":"error","message":"[CRIT ERROR] 💥 OPTIONS /api/dashboard/stats","service":"photography-backend","timestamp":"2026-06-13 01:36:02"}
{"error":{"status":"error","statusCode":500},"level":"error","message":"[CRIT ERROR] 💥 OPTIONS /api/dashboard/stats","service":"photography-backend","timestamp":"2026-06-13 01:36:09"}
{"error":{"status":"error","statusCode":500},"level":"error","message":"[CRIT ERROR] 💥 OPTIONS /api/dashboard/stats","service":"photography-backend","timestamp":"2026-06-13 01:36:09"}
{"level":"info","message":"Server running on port 8000 in development mode","service":"photography-backend","timestamp":"2026-06-13 01:37:46"}
{"level":"info","message":"Server running on port 8000 in development mode","service":"photography-backend","timestamp":"2026-06-13 01:37:46"}
{"error":{"status":"error","statusCode":500},"level":"error","message":"[DEV ERROR] OPTIONS /api/dashboard/stats","service":"photography-backend","timestamp":"2026-06-13 01:38:52"}
{"error":{"status":"error","statusCode":500},"level":"error","message":"[DEV ERROR] OPTIONS /api/dashboard/stats","service":"photography-backend","timestamp":"2026-06-13 01:38:52"}
{"level":"info","message":"Server running on port 8000 in development mode","service":"photography-backend","timestamp":"2026-06-13 01:40:04"}
{"level":"info","message":"Server running on port 8000 in development mode","service":"photography-backend","timestamp":"2026-06-13 01:40:04"}
{"level":"info","message":"Server running on port 8000 in development mode","service":"photography-backend","timestamp":"2026-06-13 01:40:23"}
{"level":"info","message":"Server running on port 8000 in development mode","service":"photography-backend","timestamp":"2026-06-13 01:40:23"}
{"level":"info","message":"Server running on port 8000 in development mode","service":"photography-backend","timestamp":"2026-06-13 01:41:30"}
{"level":"info","message":"Server running on port 8000 in development mode","service":"photography-backend","timestamp":"2026-06-13 01:41:30"}
{"error":{"status":"error","statusCode":500},"level":"error","message":"[DEV ERROR] OPTIONS /api/dashboard/stats","service":"photography-backend","timestamp":"2026-06-13 01:42:43"}
{"error":{"status":"error","statusCode":500},"level":"error","message":"[DEV ERROR] OPTIONS /api/dashboard/stats","service":"photography-backend","timestamp":"2026-06-13 01:42:43"}
{"error":{"status":"error","statusCode":500},"level":"error","message":"[DEV ERROR] OPTIONS /api/dashboard/stats","service":"photography-backend","timestamp":"2026-06-13 01:43:00"}
{"error":{"status":"error","statusCode":500},"level":"error","message":"[DEV ERROR] OPTIONS /api/dashboard/stats","service":"photography-backend","timestamp":"2026-06-13 01:43:00"}
{"error":{"status":"error","statusCode":500},"level":"error","message":"[DEV ERROR] OPTIONS /api/dashboard/stats","service":"photography-backend","timestamp":"2026-06-13 01:45:22"}
{"error":{"status":"error","statusCode":500},"level":"error","message":"[DEV ERROR] GET /api/health","service":"photography-backend","timestamp":"2026-06-13 01:45:37"}
{"level":"info","message":"Server running on port 8000 in development mode","service":"photography-backend","timestamp":"2026-06-13 01:45:52"}
{"level":"info","message":"Server running on port 8000 in development mode","service":"photography-backend","timestamp":"2026-06-13 01:45:52"}
{"error":{"status":"error","statusCode":500},"level":"error","message":"[DEV ERROR] GET /api/health","service":"photography-backend","timestamp":"2026-06-13 01:46:10"}
{"level":"info","message":"Server running on port 8000 in development mode","service":"photography-backend","timestamp":"2026-06-13 01:46:37"}
{"level":"info","message":"Server running on port 8000 in development mode","service":"photography-backend","timestamp":"2026-06-13 01:46:37"}
{"error":{"status":"error","statusCode":500},"level":"error","message":"[DEV ERROR] GET /api/admin/store/products","service":"photography-backend","timestamp":"2026-06-13 01:47:43"}
{"error":{"status":"error","statusCode":500},"level":"error","message":"[DEV ERROR] GET /api/admin/store/products","service":"photography-backend","timestamp":"2026-06-13 01:47:43"}
{"error":{"status":"error","statusCode":500},"level":"error","message":"[DEV ERROR] GET /api/bookings","service":"photography-backend","timestamp":"2026-06-13 01:47:49"}
{"error":{"status":"error","statusCode":500},"level":"error","message":"[DEV ERROR] GET /api/bookings","service":"photography-backend","timestamp":"2026-06-13 01:47:49"}
{"error":{"status":"error","statusCode":500},"level":"error","message":"[DEV ERROR] GET /api/admin/store/products","service":"photography-backend","timestamp":"2026-06-13 01:47:51"}
{"error":{"status":"error","statusCode":500},"level":"error","message":"[DEV ERROR] GET /api/admin/store/products","service":"photography-backend","timestamp":"2026-06-13 01:47:51"}
{"error":{"status":"error","statusCode":500},"level":"error","message":"[DEV ERROR] GET /api/admin/store/products","service":"photography-backend","timestamp":"2026-06-13 01:49:46"}
{"level":"info","message":"Server running on port 8000 in development mode","service":"photography-backend","timestamp":"2026-06-13 01:51:28"}
{"level":"info","message":"Server running on port 8000 in development mode","service":"photography-backend","timestamp":"2026-06-13 01:51:28"}
{"error":{"status":"error","statusCode":500},"level":"error","message":"[DEV ERROR] GET /api/admin/store/products","service":"photography-backend","timestamp":"2026-06-13 01:51:46"}
{"level":"info","message":"Server running on port 8000 in development mode","service":"photography-backend","timestamp":"2026-06-13 01:52:12"}
{"error":{"isOperational":true,"status":"fail","statusCode":403},"level":"error","message":"[DEV ERROR] GET /api/admin/store/products","service":"photography-backend","timestamp":"2026-06-13 01:52:24"}
{"error":{"isOperational":true,"status":"fail","statusCode":403},"level":"error","message":"[DEV ERROR] GET /api/admin/store/products","service":"photography-backend","timestamp":"2026-06-13 01:52:24"}
{"level":"info","message":"Server running on port 8000 in development mode","service":"photography-backend","timestamp":"2026-06-13 01:53:37"}
{"level":"info","message":"Server running on port 8000 in development mode","service":"photography-backend","timestamp":"2026-06-13 01:53:37"}
{"error":{"status":"error","statusCode":500},"level":"error","message":"[DEV ERROR] GET /api/bookings","service":"photography-backend","timestamp":"2026-06-13 01:55:13"}
{"error":{"status":"error","statusCode":500},"level":"error","message":"[DEV ERROR] GET /api/bookings","service":"photography-backend","timestamp":"2026-06-13 01:55:13"}
{"error":{"status":"error","statusCode":500},"level":"error","message":"[DEV ERROR] GET /api/bookings","service":"photography-backend","timestamp":"2026-06-13 01:55:18"}
{"error":{"status":"error","statusCode":500},"level":"error","message":"[DEV ERROR] GET /api/bookings","service":"photography-backend","timestamp":"2026-06-13 01:55:18"}
{"error":{"status":"error","statusCode":500},"level":"error","message":"[DEV ERROR] GET /api/bookings","service":"photography-backend","timestamp":"2026-06-13 01:56:51"}
{"error":{"status":"error","statusCode":500},"level":"error","message":"[DEV ERROR] GET /api/bookings","service":"photography-backend","timestamp":"2026-06-13 01:58:15"}
{"level":"info","message":"Server running on port 8000 in development mode","service":"photography-backend","timestamp":"2026-06-13 01:59:56"}
{"level":"info","message":"Server running on port 8000 in development mode","service":"photography-backend","timestamp":"2026-06-13 01:59:56"}
{"level":"info","message":"Server running on port 8000 in development mode","service":"photography-backend","timestamp":"2026-06-13 02:00:35"}
{"level":"info","message":"Server running on port 8000 in development mode","service":"photography-backend","timestamp":"2026-06-13 02:00:35"}
{"level":"info","message":"Server running on port 8000 in development mode","service":"photography-backend","timestamp":"2026-06-13 02:00:49"}
{"level":"info","message":"Server running on port 8000 in development mode","service":"photography-backend","timestamp":"2026-06-13 02:00:49"}
{"level":"info","message":"Server running on port 8000 in development mode","service":"photography-backend","timestamp":"2026-06-13 02:00:59"}
{"level":"info","message":"Server running on port 8000 in development mode","service":"photography-backend","timestamp":"2026-06-13 02:00:59"}
{"error":{"status":"error","statusCode":500},"level":"error","message":"[DEV ERROR] GET /api/bookings","service":"photography-backend","timestamp":"2026-06-13 02:01:15"}
{"level":"info","message":"Server running on port 8000 in development mode","service":"photography-backend","timestamp":"2026-06-13 02:03:26"}
{"level":"info","message":"Server running on port 8000 in development mode","service":"photography-backend","timestamp":"2026-06-13 02:03:27"}
{"level":"info","message":"Server running on port 8000 in development mode","service":"photography-backend","timestamp":"2026-06-13 02:03:40"}
{"level":"info","message":"Server running on port 8000 in development mode","service":"photography-backend","timestamp":"2026-06-13 02:03:40"}
{"level":"info","message":"Server running on port 8000 in development mode","service":"photography-backend","timestamp":"2026-06-13 02:04:29"}
{"level":"info","message":"Server running on port 8000 in development mode","service":"photography-backend","timestamp":"2026-06-13 02:04:29"}
{"level":"info","message":"Server running on port 8000 in development mode","service":"photography-backend","timestamp":"2026-06-13 02:05:04"}
{"level":"info","message":"Server running on port 8000 in development mode","service":"photography-backend","timestamp":"2026-06-13 02:05:04"}
{"level":"info","message":"Server running on port 8000 in development mode","service":"photography-backend","timestamp":"2026-06-13 02:07:09"}
{"level":"info","message":"Server running on port 8000 in development mode","service":"photography-backend","timestamp":"2026-06-13 02:07:09"}
{"level":"info","message":"Server running on port 8000 in development mode","service":"photography-backend","timestamp":"2026-06-13 09:24:47"}
{"level":"info","message":"Server running on port 8000 in development mode","service":"photography-backend","timestamp":"2026-06-13 09:58:52"}
{"level":"info","message":"Server running on port 8000 in development mode","service":"photography-backend","timestamp":"2026-06-13 09:59:25"}
{"level":"info","message":"Server running on port 8000 in development mode","service":"photography-backend","timestamp":"2026-06-13 10:00:25"}
{"level":"info","message":"Server running on port 8000 in development mode","service":"photography-backend","timestamp":"2026-06-13 12:02:50"}
{"level":"info","message":"Server running on port 8000 in development mode","service":"photography-backend","timestamp":"2026-06-13 12:31:25"}
