{"error":{"status":"error","statusCode":500},"level":"error","message":"[CRIT ERROR] 💥 OPTIONS /api/dashboard/stats","service":"photography-backend","timestamp":"2026-06-13 01:36:02"}
{"error":{"status":"error","statusCode":500},"level":"error","message":"[CRIT ERROR] 💥 OPTIONS /api/dashboard/stats","service":"photography-backend","timestamp":"2026-06-13 01:36:02"}
{"error":{"status":"error","statusCode":500},"level":"error","message":"[CRIT ERROR] 💥 OPTIONS /api/dashboard/stats","service":"photography-backend","timestamp":"2026-06-13 01:36:09"}
{"error":{"status":"error","statusCode":500},"level":"error","message":"[CRIT ERROR] 💥 OPTIONS /api/dashboard/stats","service":"photography-backend","timestamp":"2026-06-13 01:36:09"}
{"error":{"status":"error","statusCode":500},"level":"error","message":"[DEV ERROR] OPTIONS /api/dashboard/stats","service":"photography-backend","timestamp":"2026-06-13 01:38:52"}
{"error":{"status":"error","statusCode":500},"level":"error","message":"[DEV ERROR] OPTIONS /api/dashboard/stats","service":"photography-backend","timestamp":"2026-06-13 01:38:52"}
{"error":{"status":"error","statusCode":500},"level":"error","message":"[DEV ERROR] OPTIONS /api/dashboard/stats","service":"photography-backend","timestamp":"2026-06-13 01:42:43"}
{"error":{"status":"error","statusCode":500},"level":"error","message":"[DEV ERROR] OPTIONS /api/dashboard/stats","service":"photography-backend","timestamp":"2026-06-13 01:42:43"}
{"error":{"status":"error","statusCode":500},"level":"error","message":"[DEV ERROR] OPTIONS /api/dashboard/stats","service":"photography-backend","timestamp":"2026-06-13 01:43:00"}
{"error":{"status":"error","statusCode":500},"level":"error","message":"[DEV ERROR] OPTIONS /api/dashboard/stats","service":"photography-backend","timestamp":"2026-06-13 01:43:00"}
{"error":{"status":"error","statusCode":500},"level":"error","message":"[DEV ERROR] OPTIONS /api/dashboard/stats","service":"photography-backend","timestamp":"2026-06-13 01:45:22"}
{"error":{"status":"error","statusCode":500},"level":"error","message":"[DEV ERROR] GET /api/health","service":"photography-backend","timestamp":"2026-06-13 01:45:37"}
{"error":{"status":"error","statusCode":500},"level":"error","message":"[DEV ERROR] GET /api/health","service":"photography-backend","timestamp":"2026-06-13 01:46:10"}
{"error":{"status":"error","statusCode":500},"level":"error","message":"[DEV ERROR] GET /api/admin/store/products","service":"photography-backend","timestamp":"2026-06-13 01:47:43"}
{"error":{"status":"error","statusCode":500},"level":"error","message":"[DEV ERROR] GET /api/admin/store/products","service":"photography-backend","timestamp":"2026-06-13 01:47:43"}
{"error":{"status":"error","statusCode":500},"level":"error","message":"[DEV ERROR] GET /api/bookings","service":"photography-backend","timestamp":"2026-06-13 01:47:49"}
{"error":{"status":"error","statusCode":500},"level":"error","message":"[DEV ERROR] GET /api/bookings","service":"photography-backend","timestamp":"2026-06-13 01:47:49"}
{"error":{"status":"error","statusCode":500},"level":"error","message":"[DEV ERROR] GET /api/admin/store/products","service":"photography-backend","timestamp":"2026-06-13 01:47:51"}
{"error":{"status":"error","statusCode":500},"level":"error","message":"[DEV ERROR] GET /api/admin/store/products","service":"photography-backend","timestamp":"2026-06-13 01:47:51"}
{"error":{"status":"error","statusCode":500},"level":"error","message":"[DEV ERROR] GET /api/admin/store/products","service":"photography-backend","timestamp":"2026-06-13 01:49:46"}
{"error":{"status":"error","statusCode":500},"level":"error","message":"[DEV ERROR] GET /api/admin/store/products","service":"photography-backend","timestamp":"2026-06-13 01:51:46"}
{"error":{"isOperational":true,"status":"fail","statusCode":403},"level":"error","message":"[DEV ERROR] GET /api/admin/store/products","service":"photography-backend","timestamp":"2026-06-13 01:52:24"}
{"error":{"isOperational":true,"status":"fail","statusCode":403},"level":"error","message":"[DEV ERROR] GET /api/admin/store/products","service":"photography-backend","timestamp":"2026-06-13 01:52:24"}
{"error":{"status":"error","statusCode":500},"level":"error","message":"[DEV ERROR] GET /api/bookings","service":"photography-backend","timestamp":"2026-06-13 01:55:13"}
{"error":{"status":"error","statusCode":500},"level":"error","message":"[DEV ERROR] GET /api/bookings","service":"photography-backend","timestamp":"2026-06-13 01:55:13"}
{"error":{"status":"error","statusCode":500},"level":"error","message":"[DEV ERROR] GET /api/bookings","service":"photography-backend","timestamp":"2026-06-13 01:55:18"}
{"error":{"status":"error","statusCode":500},"level":"error","message":"[DEV ERROR] GET /api/bookings","service":"photography-backend","timestamp":"2026-06-13 01:55:18"}
{"error":{"status":"error","statusCode":500},"level":"error","message":"[DEV ERROR] GET /api/bookings","service":"photography-backend","timestamp":"2026-06-13 01:56:51"}
{"error":{"status":"error","statusCode":500},"level":"error","message":"[DEV ERROR] GET /api/bookings","service":"photography-backend","timestamp":"2026-06-13 01:58:15"}
{"error":{"status":"error","statusCode":500},"level":"error","message":"[DEV ERROR] GET /api/bookings","service":"photography-backend","timestamp":"2026-06-13 02:01:15"}
